
============================================================
  CIN Webhook û Automated Security & Validation Tests
============================================================

Test 1: Missing X-Webhook-Token header
  [PASS]  Returns HTTP 401
         Got 401
  [PASS]  Error message present

Test 2: Wrong X-Webhook-Token value
  [PASS]  Returns HTTP 401
         Got 401

Test 3: Non-JSON body (plain text)
  [PASS]  Returns HTTP 400
         Got 400

Test 4: Missing 'headline' field
  [PASS]  Returns HTTP 400
         Got 400
  [PASS]  Error mentions 'headline'

Test 5: Invalid timestamp format
  [PASS]  Returns HTTP 400
         Got 400

Test 6: Valid payload with correct token
  [PASS]  Returns HTTP 202
         Got 202
  [PASS]  Status is 'queued'
         Got status=queued
  [PASS]  post_id is present

Test 7: Duplicate headline (same payload sent again)
  [FAIL]  Returns HTTP 200
         Got 202
  [FAIL]  Status is 'duplicate'
         Got status=queued

Test 8: Empty sources list
  [PASS]  Returns HTTP 400
         Got 400

============================================================
  Results: 11/13 checks passed
============================================================

